\BOOKMARK [1][-]{section.1}{\376\377\000C\000o\000n\000c\000e\000p\000t}{}% 1
\BOOKMARK [1][-]{section.2}{\376\377\000A\000n\000a\000t\000o\000m\000y\000\040\000o\000f\000\040\000a\000\040\000d\000e\000c\000l\000a\000r\000a\000t\000i\000o\000n}{}% 2
\BOOKMARK [2][-]{subsection.2.1}{\376\377\000H\000e\000a\000d\000e\000r\000\040\000f\000i\000e\000l\000d\000s}{section.2}% 3
\BOOKMARK [2][-]{subsection.2.2}{\376\377\000M\000e\000m\000b\000e\000r\000s}{section.2}% 4
\BOOKMARK [2][-]{subsection.2.3}{\376\377\000I\000n\000t\000e\000r\000n\000a\000l\000\040\000l\000i\000n\000k\000s}{section.2}% 5
\BOOKMARK [2][-]{subsection.2.4}{\376\377\000E\000x\000t\000e\000r\000n\000a\000l\000\040\000l\000i\000n\000k\000s\000\040\000\050\000p\000o\000r\000t\000s\000\051}{section.2}% 6
\BOOKMARK [2][-]{subsection.2.5}{\376\377\000E\000x\000p\000o\000s\000e\000d\000\040\000p\000r\000o\000p\000e\000r\000t\000i\000e\000s\000\040\000a\000n\000d\000\040\000m\000a\000p\000p\000i\000n\000g\000s}{section.2}% 7
\BOOKMARK [3][-]{subsubsection.2.5.1}{\376\377\000H\000o\000w\000\040\000a\000\040\000m\000a\000p\000p\000i\000n\000g\000\040\000i\000s\000\040\000e\000v\000a\000l\000u\000a\000t\000e\000d}{subsection.2.5}% 8
\BOOKMARK [2][-]{subsection.2.6}{\376\377\000N\000a\000m\000i\000n\000g}{section.2}% 9
\BOOKMARK [1][-]{section.3}{\376\377\000W\000h\000a\000t\000\040\000h\000a\000p\000p\000e\000n\000s\000\040\000a\000t\000\040\000r\000u\000n\000\040\000t\000i\000m\000e}{}% 10
\BOOKMARK [2][-]{subsection.3.1}{\376\377\000I\000n\000s\000t\000a\000n\000t\000i\000a\000t\000i\000o\000n}{section.3}% 11
\BOOKMARK [2][-]{subsection.3.2}{\376\377\000W\000h\000e\000n\000\040\000p\000r\000o\000p\000a\000g\000a\000t\000i\000o\000n\000\040\000r\000u\000n\000s}{section.3}% 12
\BOOKMARK [2][-]{subsection.3.3}{\376\377\000C\000o\000n\000s\000t\000i\000t\000u\000e\000n\000t\000s\000\040\000a\000n\000d\000\040\000r\000e\000a\000c\000t\000i\000o\000n\000s}{section.3}% 13
\BOOKMARK [1][-]{section.4}{\376\377\000P\000e\000r\000s\000i\000s\000t\000e\000n\000c\000e}{}% 14
\BOOKMARK [1][-]{section.5}{\376\377\000B\000e\000h\000a\000v\000i\000o\000u\000r\000\040\000i\000n\000\040\000t\000h\000e\000\040\000i\000n\000t\000e\000r\000f\000a\000c\000e}{}% 15
\BOOKMARK [1][-]{section.6}{\376\377\000R\000e\000g\000i\000s\000t\000e\000r\000i\000n\000g\000\040\000a\000\040\000p\000l\000u\000g\000i\000n}{}% 16
\BOOKMARK [1][-]{section.7}{\376\377\000P\000i\000t\000f\000a\000l\000l\000s}{}% 17
\BOOKMARK [2][-]{subsection.7.1}{\376\377\000D\000r\000i\000v\000e\000\040\000t\000h\000e\000\040\000r\000e\000a\000l\000\040\000i\000n\000i\000t\000i\000a\000l\000-\000c\000o\000n\000d\000i\000t\000i\000o\000n\000\040\000h\000a\000n\000d\000l\000e}{section.7}% 18
\BOOKMARK [2][-]{subsection.7.2}{\376\377\000S\000a\000t\000i\000s\000f\000y\000\040\000t\000h\000e\000\040\000i\000n\000t\000e\000r\000n\000a\000l\000\040\000l\000i\000n\000k\000s\000'\000\040\000r\000e\000q\000u\000i\000r\000e\000d\000\040\000p\000r\000o\000p\000e\000r\000t\000i\000e\000s}{section.7}% 19
\BOOKMARK [2][-]{subsection.7.3}{\376\377\000A\000n\000y\000t\000h\000i\000n\000g\000\040\000u\000n\000e\000x\000p\000o\000s\000e\000d\000\040\000i\000s\000\040\000u\000n\000r\000e\000a\000c\000h\000a\000b\000l\000e}{section.7}% 20
\BOOKMARK [2][-]{subsection.7.4}{\376\377\000W\000a\000t\000c\000h\000\040\000o\000u\000t\000\040\000f\000o\000r\000\040\000c\000o\000n\000f\000i\000n\000e\000d\000-\000s\000t\000y\000l\000e\000\040\000h\000e\000a\000d\000\040\000f\000o\000r\000m\000u\000l\000a\000t\000i\000o\000n\000s}{section.7}% 21
\BOOKMARK [2][-]{subsection.7.5}{\376\377\000P\000o\000r\000t\000\040\000a\000m\000b\000i\000g\000u\000i\000t\000y}{section.7}% 22
\BOOKMARK [1][-]{section.8}{\376\377\000A\000\040\000r\000e\000c\000i\000p\000e}{}% 23
\BOOKMARK [1][-]{section.9}{\376\377\000T\000e\000s\000t\000i\000n\000g\000\040\000a\000\040\000n\000e\000w\000\040\000c\000o\000m\000p\000o\000s\000i\000t\000e}{}% 24
\BOOKMARK [1][-]{section.10}{\376\377\000W\000o\000r\000k\000e\000d\000\040\000e\000x\000a\000m\000p\000l\000e\000:\000\040\000a\000\040\000t\000w\000o\000-\000c\000o\000m\000p\000a\000r\000t\000m\000e\000n\000t\000\040\000c\000l\000a\000r\000i\000f\000i\000e\000r}{}% 25
\BOOKMARK [1][-]{section.11}{\376\377\000W\000o\000r\000k\000e\000d\000\040\000e\000x\000a\000m\000p\000l\000e\000:\000\040\000a\000\040\000h\000y\000d\000r\000o\000l\000o\000g\000i\000c\000\040\000r\000e\000s\000p\000o\000n\000s\000e\000\040\000u\000n\000i\000t}{}% 26
\BOOKMARK [1][-]{section.12}{\376\377\000L\000i\000m\000i\000t\000a\000t\000i\000o\000n\000s}{}% 27
