\BOOKMARK [1][-]{section.1}{\376\377\000W\000h\000i\000c\000h\000\040\000H\000R\000U\000\040\000t\000o\000\040\000u\000s\000e}{}% 1
\BOOKMARK [1][-]{section.2}{\376\377\000E\000l\000e\000m\000e\000n\000t\000s\000\040\000s\000h\000a\000r\000e\000d\000\040\000b\000y\000\040\000a\000l\000l\000\040\000u\000n\000i\000t\000s}{}% 2
\BOOKMARK [2][-]{subsection.2.1}{\376\377\000V\000e\000r\000t\000i\000c\000a\000l\000\040\000g\000e\000o\000m\000e\000t\000r\000y}{section.2}% 3
\BOOKMARK [2][-]{subsection.2.2}{\376\377\000S\000o\000i\000l\000\040\000w\000a\000t\000e\000r}{section.2}% 4
\BOOKMARK [1][-]{section.3}{\376\377\000H\000R\000U}{}% 5
\BOOKMARK [1][-]{section.4}{\376\377\000S\000t\000r\000u\000c\000t\000u\000r\000e\000\040\000o\000f\000\040\000t\000h\000e\000\040\000U\000r\000b\000a\000n\000\040\000\050\000a\000n\000d\000\040\000M\000i\000x\000e\000d\000\051\000\040\000H\000R\000U}{}% 6
\BOOKMARK [2][-]{subsection.4.1}{\376\377\000P\000o\000r\000t\000s}{section.4}% 7
\BOOKMARK [2][-]{subsection.4.2}{\376\377\000S\000u\000r\000f\000a\000c\000e\000\040\000r\000u\000n\000o\000f\000f\000\040\000a\000n\000d\000\040\000r\000o\000u\000t\000i\000n\000g}{section.4}% 8
\BOOKMARK [2][-]{subsection.4.3}{\376\377\000T\000h\000e\000\040\000i\000m\000p\000e\000r\000v\000i\000o\000u\000s\000\040\000f\000r\000a\000c\000t\000i\000o\000n}{section.4}% 9
\BOOKMARK [1][-]{section.5}{\376\377\000M\000i\000x\000e\000d\000\040\000H\000R\000U\000\040\000\050\000l\000e\000g\000a\000c\000y\000\051}{}% 10
\BOOKMARK [1][-]{section.6}{\376\377\000U\000r\000b\000a\000n\000\040\000H\000R\000U}{}% 11
\BOOKMARK [2][-]{subsection.6.1}{\376\377\000A\000r\000e\000a\000s}{section.6}% 12
\BOOKMARK [2][-]{subsection.6.2}{\376\377\000R\000e\000c\000h\000a\000r\000g\000e\000\040\000t\000h\000r\000o\000u\000g\000h\000\040\000t\000h\000e\000\040\000u\000n\000s\000a\000t\000u\000r\000a\000t\000e\000d\000\040\000c\000o\000n\000d\000u\000c\000t\000i\000v\000i\000t\000y}{section.6}% 13
\BOOKMARK [2][-]{subsection.6.3}{\376\377\000U\000n\000c\000o\000n\000f\000i\000n\000e\000d\000\040\000g\000r\000o\000u\000n\000d\000w\000a\000t\000e\000r}{section.6}% 14
\BOOKMARK [2][-]{subsection.6.4}{\376\377\000L\000a\000y\000e\000r\000-\000s\000p\000e\000c\000i\000f\000i\000c\000\040\000s\000o\000i\000l}{section.6}% 15
\BOOKMARK [2][-]{subsection.6.5}{\376\377\000C\000a\000l\000i\000b\000r\000a\000t\000i\000o\000n\000\040\000m\000u\000l\000t\000i\000p\000l\000i\000e\000r\000s}{section.6}% 16
\BOOKMARK [2][-]{subsection.6.6}{\376\377\000D\000i\000s\000c\000o\000n\000n\000e\000c\000t\000e\000d\000\040\000i\000m\000p\000e\000r\000v\000i\000o\000u\000s\000\040\000a\000r\000e\000a}{section.6}% 17
\BOOKMARK [1][-]{section.7}{\376\377\000U\000r\000b\000a\000n\000\040\000H\000R\000U\000\040\000v\000e\000r\000s\000u\000s\000\040\000M\000i\000x\000e\000d\000\040\000H\000R\000U}{}% 18
\BOOKMARK [1][-]{section.8}{\376\377\000U\000s\000i\000n\000g\000\040\000t\000h\000e\000\040\000u\000n\000i\000t\000s}{}% 19
\BOOKMARK [2][-]{subsection.8.1}{\376\377\000T\000e\000m\000p\000l\000a\000t\000e\000s}{section.8}% 20
\BOOKMARK [2][-]{subsection.8.2}{\376\377\000A\000\040\000m\000i\000n\000i\000m\000a\000l\000\040\000m\000o\000d\000e\000l}{section.8}% 21
\BOOKMARK [2][-]{subsection.8.3}{\376\377\000W\000h\000a\000t\000\040\000t\000h\000e\000\040\000e\000x\000a\000m\000p\000l\000e\000\040\000s\000h\000o\000w\000s}{section.8}% 22
\BOOKMARK [1][-]{section.9}{\376\377\000P\000r\000o\000p\000e\000r\000t\000y\000\040\000r\000e\000f\000e\000r\000e\000n\000c\000e}{}% 23
\BOOKMARK [1][-]{section.10}{\376\377\000L\000i\000m\000i\000t\000a\000t\000i\000o\000n\000s\000\040\000a\000n\000d\000\040\000p\000i\000t\000f\000a\000l\000l\000s}{}% 24
