\BOOKMARK [1][-]{section.1}{\376\377\000G\000e\000n\000e\000r\000a\000l\000\040\000s\000e\000t\000t\000i\000n\000g\000s}{}% 1
\BOOKMARK [2][-]{subsection.1.1}{\376\377\000S\000i\000m\000u\000l\000a\000t\000i\000o\000n\000\040\000s\000t\000a\000r\000t\000\040\000t\000i\000m\000e}{section.1}% 2
\BOOKMARK [2][-]{subsection.1.2}{\376\377\000S\000i\000m\000u\000l\000a\000t\000i\000o\000n\000\040\000e\000n\000d\000\040\000t\000i\000m\000e}{section.1}% 3
\BOOKMARK [2][-]{subsection.1.3}{\376\377\000O\000u\000t\000p\000u\000t\000\040\000F\000i\000l\000e\000\040\000N\000a\000m\000e\000\040\000\050\000A\000l\000l\000\040\000o\000u\000t\000p\000u\000t\000s\000\051}{section.1}% 4
\BOOKMARK [2][-]{subsection.1.4}{\376\377\000O\000u\000t\000p\000u\000t\000\040\000c\000o\000r\000r\000e\000s\000p\000o\000n\000d\000i\000n\000g\000\040\000t\000o\000\040\000o\000b\000s\000e\000r\000v\000e\000d\000\040\000d\000a\000t\000a}{section.1}% 5
\BOOKMARK [1][-]{section.2}{\376\377\000S\000o\000l\000v\000e\000r\000\040\000s\000e\000t\000t\000i\000n\000g\000s}{}% 6
\BOOKMARK [2][-]{subsection.2.1}{\376\377\000C\000r\000a\000n\000k\000-\000N\000i\000c\000h\000o\000l\000s\000o\000n\000\040\000T\000i\000m\000e\000\040\000W\000e\000i\000g\000h\000t}{section.2}% 7
\BOOKMARK [2][-]{subsection.2.2}{\376\377\000N\000u\000m\000b\000e\000r\000\040\000o\000f\000\040\000t\000h\000r\000e\000a\000d\000s\000\040\000t\000o\000\040\000b\000e\000\040\000u\000s\000e\000d}{section.2}% 8
\BOOKMARK [2][-]{subsection.2.3}{\376\377\000N\000e\000w\000t\000o\000n\000-\000R\000a\000p\000h\000s\000o\000n\000\040\000T\000o\000l\000e\000r\000a\000n\000c\000e}{section.2}% 9
\BOOKMARK [2][-]{subsection.2.4}{\376\377\000N\000e\000w\000t\000o\000n\000-\000R\000a\000p\000h\000s\000o\000n\000\040\000T\000i\000m\000e\000-\000s\000t\000e\000p\000\040\000r\000e\000d\000u\000c\000t\000i\000o\000n\000\040\000f\000a\000c\000t\000o\000r}{section.2}% 10
\BOOKMARK [2][-]{subsection.2.5}{\376\377\000N\000e\000w\000t\000o\000n\000-\000R\000a\000p\000h\000s\000o\000n\000\040\000T\000i\000m\000e\000-\000s\000t\000e\000p\000\040\000r\000e\000d\000u\000c\000t\000i\000o\000n\000\040\000f\000a\000c\000t\000o\000r\000\040\000w\000h\000e\000n\000\040\000f\000a\000i\000l}{section.2}% 11
\BOOKMARK [2][-]{subsection.2.6}{\376\377\000M\000i\000n\000i\000m\000u\000m\000\040\000t\000i\000m\000e\000-\000s\000t\000e\000p}{section.2}% 12
\BOOKMARK [2][-]{subsection.2.7}{\376\377\000I\000n\000i\000t\000i\000a\000l\000\040\000t\000i\000m\000e\000-\000s\000t\000e\000p}{section.2}% 13
\BOOKMARK [2][-]{subsection.2.8}{\376\377\000M\000a\000x\000i\000m\000u\000m\000\040\000s\000i\000m\000u\000l\000a\000t\000i\000o\000n\000\040\000t\000i\000m\000e\000\040\000a\000l\000l\000o\000w\000e\000d\000\040\000\050\000s\000e\000c\000o\000n\000d\000s\000\051}{section.2}% 14
\BOOKMARK [2][-]{subsection.2.9}{\376\377\000M\000a\000x\000i\000m\000u\000m\000\040\000n\000u\000m\000b\000e\000r\000\040\000o\000f\000\040\000j\000a\000c\000o\000b\000i\000a\000n\000\040\000c\000a\000l\000c\000u\000l\000a\000t\000i\000o\000n\000s\000\040\000a\000l\000l\000o\000w\000e\000d}{section.2}% 15
\BOOKMARK [2][-]{subsection.2.10}{\376\377\000W\000r\000i\000t\000e\000\040\000S\000o\000l\000u\000t\000i\000o\000n\000\040\000D\000e\000t\000a\000i\000l\000s}{section.2}% 16
\BOOKMARK [2][-]{subsection.2.11}{\376\377\000L\000i\000n\000e\000a\000r\000\040\000s\000o\000l\000v\000e\000r\000\040\000f\000o\000r\000\040\000t\000h\000e\000\040\000N\000e\000w\000t\000o\000n\000\040\000s\000t\000e\000p}{section.2}% 17
\BOOKMARK [2][-]{subsection.2.12}{\376\377\000W\000r\000i\000t\000e\000\040\000t\000h\000e\000\040\000o\000u\000t\000p\000u\000t\000s\000\040\000i\000n\000t\000e\000r\000m\000i\000t\000t\000e\000n\000t\000l\000y}{section.2}% 18
\BOOKMARK [2][-]{subsection.2.13}{\376\377\000R\000e\000c\000o\000r\000d\000\040\000a\000l\000l\000\040\000b\000l\000o\000c\000k\000/\000l\000i\000n\000k\000\040\000o\000u\000t\000p\000u\000t\000s}{section.2}% 19
\BOOKMARK [2][-]{subsection.2.14}{\376\377\000D\000e\000t\000e\000c\000t\000\040\000a\000n\000d\000\040\000s\000u\000p\000p\000r\000e\000s\000s\000\040\000s\000o\000l\000u\000t\000i\000o\000n\000\040\000o\000s\000c\000i\000l\000l\000a\000t\000i\000o\000n}{section.2}% 20
\BOOKMARK [2][-]{subsection.2.15}{\376\377\000O\000s\000c\000i\000l\000l\000a\000t\000i\000o\000n\000\040\000d\000e\000t\000e\000c\000t\000i\000o\000n\000\040\000t\000o\000l\000e\000r\000a\000n\000c\000e}{section.2}% 21
\BOOKMARK [2][-]{subsection.2.16}{\376\377\000O\000u\000t\000p\000u\000t\000\040\000w\000r\000i\000t\000e\000\040\000i\000n\000t\000e\000r\000v\000a\000l}{section.2}% 22
\BOOKMARK [2][-]{subsection.2.17}{\376\377\000M\000a\000x\000i\000m\000u\000m\000\040\000a\000l\000l\000o\000w\000a\000b\000l\000e\000\040\000t\000i\000m\000e\000-\000s\000t\000e\000p\000\040\000i\000n\000c\000r\000e\000a\000s\000e\000\040\000f\000a\000c\000t\000o\000r\000\040\000w\000i\000t\000h\000\040\000r\000e\000s\000p\000e\000c\000t\000\040\000t\000o\000\040\000t\000h\000e\000\040\000i\000n\000i\000t\000i\000a\000l\000\040\000t\000i\000m\000e\000-\000s\000t\000e\000p}{section.2}% 23
\BOOKMARK [2][-]{subsection.2.18}{\376\377\000M\000a\000x\000i\000m\000u\000m\000\040\000a\000l\000l\000o\000w\000a\000b\000l\000e\000\040\000t\000i\000m\000e\000-\000s\000t\000e\000p\000\040\000d\000e\000c\000r\000e\000a\000s\000e\000\040\000f\000a\000c\000t\000o\000r\000\040\000w\000i\000t\000h\000\040\000r\000e\000s\000p\000e\000c\000t\000\040\000t\000o\000\040\000t\000h\000e\000\040\000i\000n\000i\000t\000i\000a\000l\000\040\000t\000i\000m\000e\000-\000s\000t\000e\000p}{section.2}% 24
\BOOKMARK [2][-]{subsection.2.19}{\376\377\000T\000r\000a\000n\000s\000p\000o\000r\000t\000\040\000J\000a\000c\000o\000b\000i\000a\000n\000\040\000a\000s\000s\000e\000m\000b\000l\000y}{section.2}% 25
\BOOKMARK [2][-]{subsection.2.20}{\376\377\000V\000e\000r\000i\000f\000y\000\040\000J\000a\000c\000o\000b\000i\000a\000n\000\040\000a\000s\000s\000e\000m\000b\000l\000y\000\040\000\050\000d\000i\000a\000g\000n\000o\000s\000t\000i\000c\000\051}{section.2}% 26
\BOOKMARK [2][-]{subsection.2.21}{\376\377\000M\000a\000x\000i\000m\000u\000m\000\040\000o\000s\000c\000i\000l\000l\000a\000t\000i\000o\000n\000\040\000i\000n\000t\000e\000r\000v\000e\000n\000t\000i\000o\000n\000s}{section.2}% 27
\BOOKMARK [2][-]{subsection.2.22}{\376\377\000R\000e\000s\000p\000o\000n\000s\000e\000\040\000t\000o\000\040\000d\000e\000t\000e\000c\000t\000e\000d\000\040\000o\000s\000c\000i\000l\000l\000a\000t\000i\000o\000n}{section.2}% 28
\BOOKMARK [2][-]{subsection.2.23}{\376\377\000C\000l\000e\000a\000n\000\040\000s\000t\000e\000p\000s\000\040\000b\000e\000f\000o\000r\000e\000\040\000r\000e\000l\000a\000x\000i\000n\000g\000\040\000t\000h\000e\000\040\000t\000i\000m\000e\000-\000s\000t\000e\000p\000\040\000c\000e\000i\000l\000i\000n\000g}{section.2}% 29
\BOOKMARK [2][-]{subsection.2.24}{\376\377\000T\000i\000m\000e\000\040\000s\000t\000e\000p\000s\000\040\000b\000e\000t\000w\000e\000e\000n\000\040\000r\000e\000s\000t\000o\000r\000e\000\040\000p\000o\000i\000n\000t\000s}{section.2}% 30
\BOOKMARK [2][-]{subsection.2.25}{\376\377\000M\000a\000x\000i\000m\000u\000m\000\040\000r\000e\000u\000s\000e\000s\000\040\000o\000f\000\040\000o\000n\000e\000\040\000r\000e\000s\000t\000o\000r\000e\000\040\000p\000o\000i\000n\000t}{section.2}% 31
\BOOKMARK [1][-]{section.3}{\376\377\000O\000p\000t\000i\000m\000i\000z\000a\000t\000i\000o\000n}{}% 32
\BOOKMARK [2][-]{subsection.3.1}{\376\377\000G\000e\000n\000e\000t\000i\000c\000\040\000A\000l\000g\000o\000r\000i\000t\000h\000m\000\040\000P\000o\000p\000u\000l\000a\000t\000i\000o\000n}{section.3}% 33
\BOOKMARK [2][-]{subsection.3.2}{\376\377\000N\000u\000m\000b\000e\000r\000\040\000o\000f\000\040\000g\000e\000n\000e\000r\000a\000t\000i\000o\000n\000s}{section.3}% 34
\BOOKMARK [2][-]{subsection.3.3}{\376\377\000N\000u\000m\000b\000e\000r\000\040\000o\000f\000\040\000t\000h\000r\000e\000a\000d\000s\000\040\000t\000o\000\040\000b\000e\000\040\000u\000s\000e\000d}{section.3}% 35
\BOOKMARK [2][-]{subsection.3.4}{\376\377\000C\000r\000o\000s\000s\000\040\000o\000v\000e\000r\000\040\000p\000r\000o\000b\000a\000b\000i\000l\000i\000t\000y}{section.3}% 36
\BOOKMARK [2][-]{subsection.3.5}{\376\377\000M\000u\000t\000a\000t\000i\000o\000n\000\040\000P\000r\000o\000b\000a\000b\000i\000l\000i\000t\000y}{section.3}% 37
\BOOKMARK [2][-]{subsection.3.6}{\376\377\000S\000h\000a\000k\000i\000n\000g\000\040\000S\000c\000a\000l\000e}{section.3}% 38
\BOOKMARK [2][-]{subsection.3.7}{\376\377\000S\000h\000a\000k\000e\000\040\000S\000c\000a\000l\000e\000\040\000R\000e\000d\000u\000c\000t\000i\000o\000n\000\040\000F\000a\000c\000t\000o\000r}{section.3}% 39
\BOOKMARK [2][-]{subsection.3.8}{\376\377\000G\000A\000\040\000O\000u\000t\000p\000u\000t\000\040\000F\000i\000l\000e\000\040\000N\000a\000m\000e}{section.3}% 40
\BOOKMARK [1][-]{section.4}{\376\377\000M\000C\000M\000C}{}% 41
\BOOKMARK [2][-]{subsection.4.1}{\376\377\000N\000u\000m\000b\000e\000r\000\040\000o\000f\000\040\000M\000C\000M\000C\000\040\000s\000a\000m\000p\000l\000e\000s}{section.4}% 42
\BOOKMARK [2][-]{subsection.4.2}{\376\377\000N\000u\000m\000b\000e\000r\000\040\000o\000f\000\040\000c\000h\000a\000i\000n\000s}{section.4}% 43
\BOOKMARK [2][-]{subsection.4.3}{\376\377\000N\000u\000m\000b\000e\000r\000\040\000o\000f\000\040\000s\000a\000m\000p\000l\000e\000s\000\040\000t\000o\000\040\000b\000e\000\040\000d\000i\000s\000c\000a\000r\000d\000e\000d\000\040\000\050\000b\000u\000r\000n\000\040\000o\000u\000t\000\051}{section.4}% 44
\BOOKMARK [2][-]{subsection.4.4}{\376\377\000I\000n\000i\000t\000i\000a\000l\000\040\000p\000e\000r\000t\000u\000r\000b\000a\000t\000i\000o\000n\000\040\000f\000a\000c\000t\000o\000r}{section.4}% 45
\BOOKMARK [2][-]{subsection.4.5}{\376\377\000T\000h\000e\000\040\000i\000n\000t\000e\000r\000v\000a\000l\000\040\000a\000t\000\040\000w\000h\000i\000c\000h\000\040\000t\000h\000e\000\040\000s\000a\000m\000p\000l\000e\000s\000\040\000a\000r\000e\000\040\000s\000a\000v\000e\000d}{section.4}% 46
\BOOKMARK [2][-]{subsection.4.6}{\376\377\000I\000n\000i\000t\000i\000a\000l\000l\000y\000\040\000p\000u\000r\000t\000u\000r\000b\000\040\000t\000h\000e\000\040\000s\000a\000m\000p\000l\000e\000s}{section.4}% 47
\BOOKMARK [2][-]{subsection.4.7}{\376\377\000P\000e\000r\000f\000o\000r\000m\000\040\000g\000l\000o\000b\000a\000l\000\040\000s\000e\000n\000s\000i\000t\000i\000v\000i\000t\000y}{section.4}% 48
\BOOKMARK [2][-]{subsection.4.8}{\376\377\000C\000o\000n\000t\000i\000n\000u\000e\000\040\000M\000C\000M\000C\000\040\000u\000s\000i\000n\000g\000\040\000p\000r\000e\000-\000c\000r\000e\000a\000t\000e\000d\000\040\000f\000i\000l\000e}{section.4}% 49
\BOOKMARK [2][-]{subsection.4.9}{\376\377\000N\000u\000m\000b\000e\000r\000\040\000o\000f\000\040\000p\000o\000s\000t\000-\000e\000s\000t\000i\000m\000a\000t\000e\000\040\000r\000e\000a\000l\000i\000z\000a\000t\000i\000o\000n\000s}{section.4}% 50
\BOOKMARK [2][-]{subsection.4.10}{\376\377\000A\000d\000d\000\040\000e\000r\000r\000o\000r\000\040\000n\000o\000i\000s\000e\000\040\000t\000o\000\040\000t\000h\000e\000\040\000r\000e\000a\000l\000i\000z\000a\000t\000i\000o\000n\000s}{section.4}% 51
\BOOKMARK [2][-]{subsection.4.11}{\376\377\000N\000u\000m\000b\000e\000r\000\040\000o\000f\000\040\000t\000h\000r\000e\000a\000d\000s\000\040\000t\000o\000\040\000b\000e\000\040\000u\000s\000e\000d}{section.4}% 52
\BOOKMARK [2][-]{subsection.4.12}{\376\377\000D\000e\000s\000i\000r\000e\000d\000\040\000a\000c\000c\000e\000p\000t\000a\000n\000c\000e\000\040\000r\000a\000t\000e}{section.4}% 53
\BOOKMARK [2][-]{subsection.4.13}{\376\377\000C\000o\000e\000f\000f\000i\000c\000i\000e\000n\000t\000\040\000o\000f\000\040\000c\000h\000a\000n\000g\000e\000\040\000o\000f\000\040\000p\000u\000r\000t\000u\000b\000a\000t\000i\000o\000n\000\040\000f\000a\000c\000t\000o\000r}{section.4}% 54
\BOOKMARK [2][-]{subsection.4.14}{\376\377\000M\000C\000M\000C\000\040\000O\000u\000t\000p\000u\000t\000\040\000f\000i\000l\000e}{section.4}% 55
