\BOOKMARK [1][-]{section.1}{\376\377\000W\000h\000a\000t\000\040\000w\000e\000\040\000a\000r\000e\000\040\000b\000u\000i\000l\000d\000i\000n\000g}{}% 1
\BOOKMARK [2][-]{subsection.1.1}{\376\377\000T\000h\000e\000\040\000p\000h\000y\000s\000i\000c\000a\000l\000\040\000s\000y\000s\000t\000e\000m}{section.1}% 2
\BOOKMARK [2][-]{subsection.1.2}{\376\377\000D\000e\000s\000i\000g\000n\000\040\000p\000o\000i\000n\000t}{section.1}% 3
\BOOKMARK [2][-]{subsection.1.3}{\376\377\000C\000o\000m\000p\000o\000n\000e\000n\000t\000s\000\040\000u\000s\000e\000d}{section.1}% 4
\BOOKMARK [1][-]{section.2}{\376\377\000R\000o\000u\000t\000e\000\040\000A\000\040\040\024\000\040\000b\000u\000i\000l\000d\000i\000n\000g\000\040\000i\000t\000\040\000i\000n\000\040\000t\000h\000e\000\040\000g\000r\000a\000p\000h\000i\000c\000a\000l\000\040\000i\000n\000t\000e\000r\000f\000a\000c\000e}{}% 5
\BOOKMARK [2][-]{subsection.2.1}{\376\377\000S\000t\000a\000r\000t\000\040\000a\000\040\000p\000r\000o\000j\000e\000c\000t\000\040\000a\000n\000d\000\040\000l\000o\000a\000d\000\040\000t\000h\000e\000\040\000p\000l\000u\000g\000i\000n\000s}{section.2}% 6
\BOOKMARK [2][-]{subsection.2.2}{\376\377\000D\000e\000c\000l\000a\000r\000e\000\040\000t\000h\000e\000\040\000f\000o\000u\000r\000\040\000p\000a\000r\000t\000i\000c\000l\000e\000\040\000c\000l\000a\000s\000s\000e\000s}{section.2}% 7
\BOOKMARK [2][-]{subsection.2.3}{\376\377\000P\000l\000a\000c\000e\000\040\000t\000h\000e\000\040\000i\000n\000f\000l\000u\000e\000n\000t\000\040\000b\000o\000u\000n\000d\000a\000r\000y}{section.2}% 8
\BOOKMARK [2][-]{subsection.2.4}{\376\377\000P\000l\000a\000c\000e\000\040\000t\000h\000e\000\040\000b\000a\000s\000i\000n}{section.2}% 9
\BOOKMARK [2][-]{subsection.2.5}{\376\377\000P\000l\000a\000c\000e\000\040\000t\000h\000e\000\040\000e\000f\000f\000l\000u\000e\000n\000t\000\040\000b\000o\000u\000n\000d\000a\000r\000y}{section.2}% 10
\BOOKMARK [2][-]{subsection.2.6}{\376\377\000D\000r\000a\000w\000\040\000t\000h\000e\000\040\000t\000w\000o\000\040\000l\000i\000n\000k\000s}{section.2}% 11
\BOOKMARK [2][-]{subsection.2.7}{\376\377\000S\000i\000m\000u\000l\000a\000t\000i\000o\000n\000\040\000s\000e\000t\000t\000i\000n\000g\000s}{section.2}% 12
\BOOKMARK [2][-]{subsection.2.8}{\376\377\000V\000a\000l\000i\000d\000a\000t\000e\000,\000\040\000r\000u\000n\000,\000\040\000s\000a\000v\000e}{section.2}% 13
\BOOKMARK [2][-]{subsection.2.9}{\376\377\000V\000i\000e\000w\000i\000n\000g\000\040\000r\000e\000s\000u\000l\000t\000s}{section.2}% 14
\BOOKMARK [1][-]{section.3}{\376\377\000R\000o\000u\000t\000e\000\040\000B\000\040\040\024\000\040\000t\000h\000e\000\040\000m\000o\000d\000e\000l\000\040\000s\000c\000r\000i\000p\000t}{}% 15
\BOOKMARK [1][-]{section.4}{\376\377\000W\000h\000a\000t\000\040\000t\000h\000e\000\040\000m\000o\000d\000e\000l\000\040\000a\000c\000t\000u\000a\000l\000l\000y\000\040\000c\000o\000m\000p\000u\000t\000e\000s}{}% 16
\BOOKMARK [2][-]{subsection.4.1}{\376\377\000M\000a\000s\000s\000\040\000t\000r\000a\000n\000s\000f\000e\000r\000\040\000a\000c\000r\000o\000s\000s\000\040\000a\000\040\000l\000i\000n\000k}{section.4}% 17
\BOOKMARK [2][-]{subsection.4.2}{\376\377\000S\000t\000e\000a\000d\000y\000\040\000s\000t\000a\000t\000e}{section.4}% 18
\BOOKMARK [1][-]{section.5}{\376\377\000V\000e\000r\000i\000f\000i\000c\000a\000t\000i\000o\000n}{}% 19
\BOOKMARK [1][-]{section.6}{\376\377\000P\000i\000t\000f\000a\000l\000l\000s}{}% 20
\BOOKMARK [1][-]{section.7}{\376\377\000V\000a\000r\000i\000a\000t\000i\000o\000n\000s\000\040\000t\000o\000\040\000t\000r\000y}{}% 21
